main.c:58:6:Set_Blink_Speed	16	static
main.c:67:6:LED_All_On	16	static
main.c:78:6:LED_All_Blinks	24	static
main.c:98:6:LED_All_off	16	static
main.c:109:6:LED_Round_Right_Blink	32	static
main.c:125:6:LED_Round_Left_Blink	32	static
main.c:142:6:LED_Running_Lights_Right	32	static
main.c:160:6:LED_Running_Lights_Left	32	static
main.c:178:6:LED_Pair_Blinking	24	static
main.c:208:5:main	8	static
main.c:256:6:SystemClock_Config	88	static
main.c:293:13:MX_GPIO_Init	40	static
main.c:349:6:Error_Handler	4	static,ignoring_inline_asm
